[backblue.gif]
[fade.gif]
[index.html]
[betdls.com/index.html]
[betdls.com/roulette.html]
[betdls.com/favicon-16x16d405.png]
[betdls.com/favicon-32x32d405.png]
[betdls.com/favicon-96x96d405.png]
[cdnjs.cloudflare.com/ajax/libs/font-awesome/4.7.0/css/font-awesome.min.css]
[cdnjs.cloudflare.com/ajax/libs/toastr.js/latest/toastr.min.css]
[betdls.com/template/css/styled405.css]
[betdls.com/template/css/othersd405.css]
[betdls.com/template/css/bouncerd405.css]
[cdnjs.cloudflare.com/ajax/libs/jquery/3.3.1/jquery.min.js]
[cdnjs.cloudflare.com/ajax/libs/jquery-cookie/1.4.1/jquery.cookie.js]
[cdnjs.cloudflare.com/ajax/libs/socket.io/4.5.1/socket.io.js]
[cdnjs.cloudflare.com/ajax/libs/tinysort/2.3.6/tinysort.min.js]
[cdnjs.cloudflare.com/ajax/libs/toastr.js/latest/toastr.min.js]
[cdn.jsdelivr.net/gh/davidshimjs/qrcodejs@gh-pages/qrcode.min.js]
[cdnjs.cloudflare.com/ajax/libs/Chart.js/2.4.0/Chart.min.js]
[www.google.com/recaptcha/api.js]
[www.google-analytics.com/analytics.js]
[betdls.com/template/js/settingsd405.js]
[betdls.com/template/js/appd405.js]
[betdls.com/template/img/logod405.png]
[betdls.com/deposit.html]
[betdls.com/crash.html]
[betdls.com/template/img/menu/crashd405.png]
[betdls.com/jackpot.html]
[betdls.com/template/img/menu/jackpotd405.png]
[betdls.com/coinflip.html]
[betdls.com/template/img/menu/coinflipd405.png]
[betdls.com/unbox.html]
[betdls.com/template/img/menu/unboxd405.png]
[betdls.com/tower.html]
[betdls.com/template/img/menu/towerd405.png]
[betdls.com/template/img/menu/rouletted405.png]
[betdls.com/withdraw/grow.html]
[betdls.com/rewards.html]
[betdls.com/affiliates.html]
[assets-global.website-files.com/6257adef93867e50d84d30e2/636e0a6cc3c481a15a141738_icon_clyde_white_RGB.png]
[betdls.com/withdraw.html]
[betdls.com/fair.html]
[betdls.com/faq.html]
[betdls.com/tos.html]
[betdls.com/profile.html]
[betdls.com/dashboard.html]
[betdls.com/favicon-16x16e1b3.png]
[betdls.com/template/img/fair.png]
[betdls.com/roulette.html]
[cdnjs.cloudflare.com/ajax/libs/font-awesome/4.7.0/css/font-awesome.min.css]
[cdnjs.cloudflare.com/ajax/libs/toastr.js/latest/toastr.min.css]
[betdls.com/template/img/coins.png]
[betdls.com/template/img/social/google_icon.png]
[betdls.com/template/img/social/facebook_icon.png]
[betdls.com/template/img/social/steam_icon.png]
[betdls.com/template/css/styled405.css]
[betdls.com/template/img/social/twitter_icon.png]
[betdls.com/template/img/methods/btc_shop.png]
[betdls.com/template/img/methods/eth_shop.png]
[betdls.com/template/img/methods/ltc_shop.png]
[betdls.com/template/img/methods/bch_shop.png]
[betdls.com/template/img/coinflip/coin1.png]
[betdls.com/template/img/coinflip/coin2.png]
[betdls.com/template/css/othersd405.css]
[betdls.com/template/css/bouncerd405.css]
[betdls.com/favicon-16x160c3a.png]
[betdls.com/favicon-32x320c3a.png]
[betdls.com/favicon-96x960c3a.png]
[betdls.com/template/css/style0c3a.css]
[betdls.com/template/css/others0c3a.css]
[betdls.com/template/css/bouncer0c3a.css]
[betdls.com/template/js/settings0c3a.js]
[betdls.com/template/js/app0c3a.js]
[betdls.com/template/img/logo0c3a.png]
[betdls.com/template/img/menu/crash0c3a.png]
[betdls.com/template/img/menu/jackpot0c3a.png]
[betdls.com/template/img/menu/coinflip0c3a.png]
[betdls.com/template/img/menu/unbox0c3a.png]
[betdls.com/template/img/menu/tower0c3a.png]
[betdls.com/template/img/menu/roulette0c3a.png]
[betdls.com/deposit.html]
[betdls.com/favicon-16x16cf8d.png]
[betdls.com/favicon-32x32cf8d.png]
[betdls.com/favicon-96x96cf8d.png]
[betdls.com/template/css/stylecf8d.css]
[betdls.com/template/css/otherscf8d.css]
[betdls.com/template/css/bouncercf8d.css]
[betdls.com/template/js/settingscf8d.js]
[betdls.com/template/js/appcf8d.js]
[betdls.com/template/img/logocf8d.png]
[betdls.com/template/img/menu/crashcf8d.png]
[betdls.com/template/img/menu/jackpotcf8d.png]
[betdls.com/template/img/menu/coinflipcf8d.png]
[betdls.com/template/img/menu/unboxcf8d.png]
[betdls.com/template/img/menu/towercf8d.png]
[betdls.com/template/img/menu/roulettecf8d.png]
[betdls.com/crash.html]
[betdls.com/template/js/graphcf8d.js]
[betdls.com/jackpot.html]
[betdls.com/favicon-16x1614bc.png]
[betdls.com/favicon-32x3214bc.png]
[betdls.com/favicon-96x9614bc.png]
[betdls.com/template/css/style14bc.css]
[betdls.com/template/css/others14bc.css]
[betdls.com/template/css/bouncer14bc.css]
[betdls.com/template/js/settings14bc.js]
[betdls.com/template/js/app14bc.js]
[betdls.com/template/img/logo14bc.png]
[betdls.com/template/img/menu/crash14bc.png]
[betdls.com/template/img/menu/jackpot14bc.png]
[betdls.com/template/img/menu/coinflip14bc.png]
[betdls.com/template/img/menu/unbox14bc.png]
[betdls.com/template/img/menu/tower14bc.png]
[betdls.com/template/img/menu/roulette14bc.png]
[betdls.com/coinflip.html]
[betdls.com/unbox.html]
[betdls.com/favicon-16x168ef8.png]
[betdls.com/favicon-32x328ef8.png]
[betdls.com/favicon-96x968ef8.png]
[betdls.com/template/css/style8ef8.css]
[betdls.com/template/css/others8ef8.css]
[betdls.com/template/css/bouncer8ef8.css]
[betdls.com/template/js/settings8ef8.js]
[betdls.com/template/js/app8ef8.js]
[betdls.com/template/img/logo8ef8.png]
[betdls.com/template/img/menu/crash8ef8.png]
[betdls.com/template/img/menu/jackpot8ef8.png]
[betdls.com/template/img/menu/coinflip8ef8.png]
[betdls.com/template/img/menu/unbox8ef8.png]
[betdls.com/template/img/menu/tower8ef8.png]
[betdls.com/template/img/menu/roulette8ef8.png]
[betdls.com/tower.html]
[betdls.com/withdraw/grow.html]
[betdls.com/favicon-16x16962a.png]
[betdls.com/favicon-32x32962a.png]
[betdls.com/favicon-96x96962a.png]
[betdls.com/template/css/style962a.css]
[betdls.com/template/css/others962a.css]
[betdls.com/template/css/bouncer962a.css]
[betdls.com/template/js/settings962a.js]
[betdls.com/template/js/app962a.js]
[betdls.com/template/img/logo962a.png]
[betdls.com/template/img/menu/crash962a.png]
[betdls.com/template/img/menu/jackpot962a.png]
[betdls.com/template/img/menu/coinflip962a.png]
[betdls.com/template/img/menu/unbox962a.png]
[betdls.com/template/img/menu/tower962a.png]
[betdls.com/template/img/menu/roulette962a.png]
[betdls.com/rewards.html]
[betdls.com/affiliates.html]
[betdls.com/template/img/lang/gbd405.svg]
[betdls.com/template/img/lang/idd405.svg]
[betdls.com/template/img/lang/ltd405.svg]
[betdls.com/template/img/lang/trd405.svg]
[betdls.com/template/img/lang/fid405.svg]
[betdls.com/favicon-16x16161a.png]
[betdls.com/favicon-32x32161a.png]
[betdls.com/favicon-96x96161a.png]
[betdls.com/template/css/style161a.css]
[betdls.com/template/css/others161a.css]
[betdls.com/template/css/bouncer161a.css]
[betdls.com/template/js/settings161a.js]
[betdls.com/template/js/app161a.js]
[betdls.com/template/img/logo161a.png]
[betdls.com/template/img/menu/crash161a.png]
[betdls.com/template/img/menu/jackpot161a.png]
[betdls.com/template/img/menu/coinflip161a.png]
[betdls.com/template/img/menu/unbox161a.png]
[betdls.com/template/img/menu/tower161a.png]
[betdls.com/template/img/menu/roulette161a.png]
[betdls.com/withdraw.html]
[betdls.com/favicon-16x163a05.png]
[betdls.com/favicon-32x323a05.png]
[betdls.com/favicon-96x963a05.png]
[betdls.com/template/css/style3a05.css]
[betdls.com/template/css/others3a05.css]
[betdls.com/template/css/bouncer3a05.css]
[betdls.com/template/js/settings3a05.js]
[betdls.com/template/js/app3a05.js]
[betdls.com/template/img/logo3a05.png]
[betdls.com/template/img/menu/crash3a05.png]
[betdls.com/template/img/menu/jackpot3a05.png]
[betdls.com/template/img/menu/coinflip3a05.png]
[betdls.com/template/img/menu/unbox3a05.png]
[betdls.com/template/img/menu/tower3a05.png]
[betdls.com/template/img/menu/roulette3a05.png]
[betdls.com/fair.html]
[betdls.com/faq.html]
[betdls.com/tos.html]
[betdls.com/favicon-16x16ce20.png]
[betdls.com/favicon-32x32ce20.png]
[betdls.com/favicon-96x96ce20.png]
[betdls.com/template/css/stylece20.css]
[betdls.com/template/css/othersce20.css]
[betdls.com/template/css/bouncerce20.css]
[betdls.com/template/js/settingsce20.js]
[betdls.com/template/js/appce20.js]
[betdls.com/template/img/logoce20.png]
[betdls.com/template/img/menu/crashce20.png]
[betdls.com/template/img/menu/jackpotce20.png]
[betdls.com/template/img/menu/coinflipce20.png]
[betdls.com/template/img/menu/unboxce20.png]
[betdls.com/template/img/menu/towerce20.png]
[betdls.com/template/img/menu/roulettece20.png]
[betdls.com/profile.html]
[betdls.com/admin/indexb269.html]
[betdls.com/admin/control.html]
[betdls.com/dashboard.html]
[betdls.com/template/img/banner/crypto.html]
[betdls.com/template/img/banner/affiliates.html]
[betdls.com/template/img/games/original/roulette.html]
[betdls.com/template/img/games/original/crash.html]
[betdls.com/template/img/games/original/jackpot.html]
[betdls.com/template/img/games/original/coinflip.html]
[betdls.com/template/img/games/original/unbox.html]
[betdls.com/template/img/games/original/tower.html]
[betdls.com/template/css/style0c3a.css]
[betdls.com/template/css/others0c3a.css]
[betdls.com/template/css/bouncer0c3a.css]
[betdls.com/template/img/lang/gb0c3a.svg]
[betdls.com/template/img/lang/id0c3a.svg]
[betdls.com/template/img/lang/lt0c3a.svg]
[betdls.com/template/img/lang/tr0c3a.svg]
[betdls.com/template/img/lang/fi0c3a.svg]
[betdls.com/template/css/stylecf8d.css]
[betdls.com/template/css/otherscf8d.css]
[betdls.com/template/css/bouncercf8d.css]
[betdls.com/template/img/lang/gbcf8d.svg]
[betdls.com/template/img/lang/idcf8d.svg]
[betdls.com/template/img/lang/ltcf8d.svg]
[betdls.com/template/img/lang/trcf8d.svg]
[betdls.com/template/img/lang/ficf8d.svg]
[betdls.com/template/css/style14bc.css]
[betdls.com/template/css/others14bc.css]
[betdls.com/template/css/bouncer14bc.css]
[betdls.com/template/img/lang/gb14bc.svg]
[betdls.com/template/img/lang/id14bc.svg]
[betdls.com/template/img/lang/lt14bc.svg]
[betdls.com/template/img/lang/tr14bc.svg]
[betdls.com/template/img/lang/fi14bc.svg]
[betdls.com/template/css/style8ef8.css]
[betdls.com/template/css/others8ef8.css]
[betdls.com/template/css/bouncer8ef8.css]
[betdls.com/template/img/lang/gb8ef8.svg]
[betdls.com/template/img/lang/id8ef8.svg]
[betdls.com/template/img/lang/lt8ef8.svg]
[betdls.com/template/img/lang/tr8ef8.svg]
[betdls.com/template/img/lang/fi8ef8.svg]
[betdls.com/template/css/style962a.css]
[betdls.com/template/css/others962a.css]
[betdls.com/template/css/bouncer962a.css]
[betdls.com/template/img/lang/gb962a.svg]
[betdls.com/template/img/lang/id962a.svg]
[betdls.com/template/img/lang/lt962a.svg]
[betdls.com/template/img/lang/tr962a.svg]
[betdls.com/template/img/lang/fi962a.svg]
[betdls.com/template/css/style161a.css]
[betdls.com/template/css/others161a.css]
[betdls.com/template/css/bouncer161a.css]
[betdls.com/template/img/lang/gb161a.svg]
[betdls.com/template/img/lang/id161a.svg]
[betdls.com/template/img/lang/lt161a.svg]
[betdls.com/template/img/lang/tr161a.svg]
[betdls.com/template/img/lang/fi161a.svg]
[betdls.com/template/css/style3a05.css]
[betdls.com/template/css/others3a05.css]
[betdls.com/template/css/bouncer3a05.css]
[betdls.com/template/img/lang/gb3a05.svg]
[betdls.com/template/img/lang/id3a05.svg]
[betdls.com/template/img/lang/lt3a05.svg]
[betdls.com/template/img/lang/tr3a05.svg]
[betdls.com/template/img/lang/fi3a05.svg]
[betdls.com/template/css/stylece20.css]
[betdls.com/template/css/othersce20.css]
[betdls.com/template/css/bouncerce20.css]
[betdls.com/template/img/lang/gbce20.svg]
[betdls.com/template/img/lang/idce20.svg]
[betdls.com/template/img/lang/ltce20.svg]
[betdls.com/template/img/lang/trce20.svg]
[betdls.com/template/img/lang/fice20.svg]
[betdls.com/favicon-16x16143e.png]
[betdls.com/favicon-32x32143e.png]
[betdls.com/favicon-96x96143e.png]
[betdls.com/template/css/style143e.css]
[betdls.com/template/css/others143e.css]
[betdls.com/template/css/bouncer143e.css]
[betdls.com/template/js/settings143e.js]
[betdls.com/template/js/app143e.js]
[betdls.com/template/img/logo143e.png]
[betdls.com/template/img/menu/crash143e.png]
[betdls.com/template/img/menu/jackpot143e.png]
[betdls.com/template/img/menu/coinflip143e.png]
[betdls.com/template/img/menu/unbox143e.png]
[betdls.com/template/img/menu/tower143e.png]
[betdls.com/template/img/menu/roulette143e.png]
[betdls.com/admin/control.html]
[betdls.com/leaderboard]
[betdls.com/template/css/style143e.css]
[betdls.com/template/css/others143e.css]
[betdls.com/template/css/bouncer143e.css]
[betdls.com/template/img/lang/gb143e.svg]
[betdls.com/template/img/lang/id143e.svg]
[betdls.com/template/img/lang/lt143e.svg]
[betdls.com/template/img/lang/tr143e.svg]
[betdls.com/template/img/lang/fi143e.svg]
